---
source: bucket-spigot/src/tests/view_table.rs
expression: full
---
Table {
XXXXXXXXXXXXXXXXXXXXXXXXXXXXXXXXXXXXXXXXXXXXXXXXXX <--- .1.0 joint (50 children) in order
X <---------------------------------------------------- .1.0.0 joint (1 child) in order
 X <--------------------------------------------------- .1.0.1 joint (empty) in order
  X <-------------------------------------------------- .1.0.2 joint (empty) in order
   X <------------------------------------------------- .1.0.3 joint (empty) in order
    X <------------------------------------------------ .1.0.4 joint (empty) in order
     X <----------------------------------------------- .1.0.5 joint (empty) in order
      X <---------------------------------------------- .1.0.6 joint (empty) in order
       X <--------------------------------------------- .1.0.7 joint (empty) in order
        X <-------------------------------------------- .1.0.8 joint (empty) in order
         X <------------------------------------------- .1.0.9 joint (empty) in order
          X <------------------------------------------ .1.0.10 joint (empty) in order
           X <----------------------------------------- .1.0.11 joint (empty) in order
            X <---------------------------------------- .1.0.12 joint (empty) in order
             X <--------------------------------------- .1.0.13 joint (empty) in order
              X <-------------------------------------- .1.0.14 joint (empty) in order
               X <------------------------------------- .1.0.15 joint (empty) in order
                X <------------------------------------ .1.0.16 joint (empty) in order
                 X <----------------------------------- .1.0.17 joint (empty) in order
                  X <---------------------------------- .1.0.18 joint (empty) in order
                   X <--------------------------------- .1.0.19 joint (empty) in order
                    X <-------------------------------- .1.0.20 joint (empty) in order
                     X <------------------------------- .1.0.21 joint (empty) in order
                      X <------------------------------ .1.0.22 joint (empty) in order
                       X <----------------------------- .1.0.23 joint (empty) in order
                        X <---------------------------- .1.0.24 joint (empty) in order
                         X <--------------------------- .1.0.25 joint (empty) in order
                          X <-------------------------- .1.0.26 joint (empty) in order
                           X <------------------------- .1.0.27 joint (empty) in order
                            X <------------------------ .1.0.28 joint (empty) in order
                             X <----------------------- .1.0.29 joint (empty) in order
                              X <---------------------- .1.0.30 joint (empty) in order
                               X <--------------------- .1.0.31 joint (empty) in order
                                X <-------------------- .1.0.32 joint (empty) in order
                                 X <------------------- .1.0.33 joint (empty) in order
                                  X <------------------ .1.0.34 joint (empty) in order
                                   X <----------------- .1.0.35 joint (empty) in order
                                    X <---------------- .1.0.36 joint (empty) in order
                                     X <--------------- .1.0.37 joint (empty) in order
                                      X <-------------- .1.0.38 joint (empty) in order
                                       X <------------- .1.0.39 joint (empty) in order
                                        X <------------ .1.0.40 joint (empty) in order
                                         X <----------- .1.0.41 joint (empty) in order
                                          X <---------- .1.0.42 joint (empty) in order
                                           X <--------- .1.0.43 joint (empty) in order
                                            X <-------- .1.0.44 joint (empty) in order
                                             X <------- .1.0.45 joint (empty) in order
                                              X <------ .1.0.46 joint (empty) in order
                                               X <----- .1.0.47 joint (empty) in order
                                                X <---- .1.0.48 joint (empty) in order
                                                 X <--- .1.0.49 joint (empty) in order
X <---------------------------------------------------- .1.0.0.0 joint (1 child) in order
X <---------------------------------------------------- .1.0.0.0.0 joint (1 child) in order
X <---------------------------------------------------- .1.0.0.0.0.0 joint (1 child) in order
X <---------------------------------------------------- .1.0.0.0.0.0.0 joint (1 child) in order
X <---------------------------------------------------- .1.0.0.0.0.0.0.0 joint (1 child) in order
X <---------------------------------------------------- .1.0.0.0.0.0.0.0.0 joint (1 child) in order
X <---------------------------------------------------- .1.0.0.0.0.0.0.0.0.0 joint (1 child) in order
X <---------------------------------------------------- .1.0.0.0.0.0.0.0.0.0.0 joint (1 child) in order
X <---------------------------------------------------- .1.0.0.0.0.0.0.0.0.0.0.0 joint (1 child) in order
X <---------------------------------------------------- .1.0.0.0.0.0.0.0.0.0.0.0.0 joint (1 child) in order
X <---------------------------------------------------- .1.0.0.0.0.0.0.0.0.0.0.0.0.0 joint (1 child) in order
X <---------------------------------------------------- .1.0.0.0.0.0.0.0.0.0.0.0.0.0.0 joint (1 child) in order
X <---------------------------------------------------- .1.0.0.0.0.0.0.0.0.0.0.0.0.0.0.0 joint (1 child) in order
X <---------------------------------------------------- .1.0.0.0.0.0.0.0.0.0.0.0.0.0.0.0.0 joint (1 child) in order
X <---------------------------------------------------- .1.0.0.0.0.0.0.0.0.0.0.0.0.0.0.0.0.0 joint (1 child) in order
X <---------------------------------------------------- .1.0.0.0.0.0.0.0.0.0.0.0.0.0.0.0.0.0.0 joint (1 child) in order
X <---------------------------------------------------- .1.0.0.0.0.0.0.0.0.0.0.0.0.0.0.0.0.0.0.0 joint (1 child) in order
X <---------------------------------------------------- .1.0.0.0.0.0.0.0.0.0.0.0.0.0.0.0.0.0.0.0.0 joint (1 child) in order
X <---------------------------------------------------- .1.0.0.0.0.0.0.0.0.0.0.0.0.0.0.0.0.0.0.0.0.0 joint (1 child) in order
X <---------------------------------------------------- .1.0.0.0.0.0.0.0.0.0.0.0.0.0.0.0.0.0.0.0.0.0.0 joint (1 child) in order
X <---------------------------------------------------- .1.0.0.0.0.0.0.0.0.0.0.0.0.0.0.0.0.0.0.0.0.0.0.0 joint (1 child) in order
X <---------------------------------------------------- .1.0.0.0.0.0.0.0.0.0.0.0.0.0.0.0.0.0.0.0.0.0.0.0.0 joint (1 child) in order
X <---------------------------------------------------- .1.0.0.0.0.0.0.0.0.0.0.0.0.0.0.0.0.0.0.0.0.0.0.0.0.0 joint (1 child) in order
X <---------------------------------------------------- .1.0.0.0.0.0.0.0.0.0.0.0.0.0.0.0.0.0.0.0.0.0.0.0.0.0.0 joint (1 child) in order
X <---------------------------------------------------- .1.0.0.0.0.0.0.0.0.0.0.0.0.0.0.0.0.0.0.0.0.0.0.0.0.0.0.0 joint (1 child) in order
X <---------------------------------------------------- .1.0.0.0.0.0.0.0.0.0.0.0.0.0.0.0.0.0.0.0.0.0.0.0.0.0.0.0.0 joint (1 child) in order
X <---------------------------------------------------- .1.0.0.0.0.0.0.0.0.0.0.0.0.0.0.0.0.0.0.0.0.0.0.0.0.0.0.0.0.0 joint (1 child) in order
X <---------------------------------------------------- .1.0.0.0.0.0.0.0.0.0.0.0.0.0.0.0.0.0.0.0.0.0.0.0.0.0.0.0.0.0.0 joint (1 child) in order
X <---------------------------------------------------- .1.0.0.0.0.0.0.0.0.0.0.0.0.0.0.0.0.0.0.0.0.0.0.0.0.0.0.0.0.0.0.0 joint (1 child) in order
X <---------------------------------------------------- .1.0.0.0.0.0.0.0.0.0.0.0.0.0.0.0.0.0.0.0.0.0.0.0.0.0.0.0.0.0.0.0.0 joint (1 child) in order
X <---------------------------------------------------- .1.0.0.0.0.0.0.0.0.0.0.0.0.0.0.0.0.0.0.0.0.0.0.0.0.0.0.0.0.0.0.0.0.0 joint (1 child) in order
X <---------------------------------------------------- .1.0.0.0.0.0.0.0.0.0.0.0.0.0.0.0.0.0.0.0.0.0.0.0.0.0.0.0.0.0.0.0.0.0.0 joint (1 child) in order
X <---------------------------------------------------- .1.0.0.0.0.0.0.0.0.0.0.0.0.0.0.0.0.0.0.0.0.0.0.0.0.0.0.0.0.0.0.0.0.0.0.0 joint (1 child) in order
X <---------------------------------------------------- .1.0.0.0.0.0.0.0.0.0.0.0.0.0.0.0.0.0.0.0.0.0.0.0.0.0.0.0.0.0.0.0.0.0.0.0.0 joint (1 child) in order
X <---------------------------------------------------- .1.0.0.0.0.0.0.0.0.0.0.0.0.0.0.0.0.0.0.0.0.0.0.0.0.0.0.0.0.0.0.0.0.0.0.0.0.0 joint (1 child) in order
X <---------------------------------------------------- .1.0.0.0.0.0.0.0.0.0.0.0.0.0.0.0.0.0.0.0.0.0.0.0.0.0.0.0.0.0.0.0.0.0.0.0.0.0.0 joint (1 child) in order
X <---------------------------------------------------- .1.0.0.0.0.0.0.0.0.0.0.0.0.0.0.0.0.0.0.0.0.0.0.0.0.0.0.0.0.0.0.0.0.0.0.0.0.0.0.0 joint (1 child) in order
X <---------------------------------------------------- .1.0.0.0.0.0.0.0.0.0.0.0.0.0.0.0.0.0.0.0.0.0.0.0.0.0.0.0.0.0.0.0.0.0.0.0.0.0.0.0.0 joint (1 child) in order
X <---------------------------------------------------- .1.0.0.0.0.0.0.0.0.0.0.0.0.0.0.0.0.0.0.0.0.0.0.0.0.0.0.0.0.0.0.0.0.0.0.0.0.0.0.0.0.0 joint (1 child) in order
X <---------------------------------------------------- .1.0.0.0.0.0.0.0.0.0.0.0.0.0.0.0.0.0.0.0.0.0.0.0.0.0.0.0.0.0.0.0.0.0.0.0.0.0.0.0.0.0.0 joint (1 child) in order
X <---------------------------------------------------- .1.0.0.0.0.0.0.0.0.0.0.0.0.0.0.0.0.0.0.0.0.0.0.0.0.0.0.0.0.0.0.0.0.0.0.0.0.0.0.0.0.0.0.0 joint (1 child) in order
X <---------------------------------------------------- .1.0.0.0.0.0.0.0.0.0.0.0.0.0.0.0.0.0.0.0.0.0.0.0.0.0.0.0.0.0.0.0.0.0.0.0.0.0.0.0.0.0.0.0.0 joint (1 child) in order
X <---------------------------------------------------- .1.0.0.0.0.0.0.0.0.0.0.0.0.0.0.0.0.0.0.0.0.0.0.0.0.0.0.0.0.0.0.0.0.0.0.0.0.0.0.0.0.0.0.0.0.0 joint (1 child) in order
X <---------------------------------------------------- .1.0.0.0.0.0.0.0.0.0.0.0.0.0.0.0.0.0.0.0.0.0.0.0.0.0.0.0.0.0.0.0.0.0.0.0.0.0.0.0.0.0.0.0.0.0.0 joint (1 child) in order
X <---------------------------------------------------- .1.0.0.0.0.0.0.0.0.0.0.0.0.0.0.0.0.0.0.0.0.0.0.0.0.0.0.0.0.0.0.0.0.0.0.0.0.0.0.0.0.0.0.0.0.0.0.0 joint (1 child) in order
X <---------------------------------------------------- .1.0.0.0.0.0.0.0.0.0.0.0.0.0.0.0.0.0.0.0.0.0.0.0.0.0.0.0.0.0.0.0.0.0.0.0.0.0.0.0.0.0.0.0.0.0.0.0.0 joint (1 child) in order
X <---------------------------------------------------- .1.0.0.0.0.0.0.0.0.0.0.0.0.0.0.0.0.0.0.0.0.0.0.0.0.0.0.0.0.0.0.0.0.0.0.0.0.0.0.0.0.0.0.0.0.0.0.0.0.0 joint (1 child) in order
X <---------------------------------------------------- .1.0.0.0.0.0.0.0.0.0.0.0.0.0.0.0.0.0.0.0.0.0.0.0.0.0.0.0.0.0.0.0.0.0.0.0.0.0.0.0.0.0.0.0.0.0.0.0.0.0.0 joint (1 child) in order
X <---------------------------------------------------- .1.0.0.0.0.0.0.0.0.0.0.0.0.0.0.0.0.0.0.0.0.0.0.0.0.0.0.0.0.0.0.0.0.0.0.0.0.0.0.0.0.0.0.0.0.0.0.0.0.0.0.0 joint (empty) in order
}
