---
source: bucket-spigot/src/order/tests/random_seeded.rs
expression: "fmt_chunks_spatial(&mut uut, weights, rng, (weights_sum, 1))"
---
298  	                                                                                                                                                                                                                                                                                                                                                                                                                                                                                                                                                                                                                    ><
297  	                                                                                                                                                                                                                                                                                                                                                                                                                                                                                                                                                                                                                  ><
296  	                                                                                                                                                                                                                                                                                                                                                                                                                                                                                                                                                                                                                ><
295  	                                                                                                                                                                                                                                                                                                                                                                                                                                                                                                                                                                                                              ><
294  	                                                                                                                                                                                                                                                                                                                                                                                                                                                                                                                                                                                                            ><
293  	                                                                                                                                                                                                                                                                                                                                                                                                                                                                                                                                                                                                          ><
292  	                                                                                                                                                                                                                                                                                                                                                                                                                                                                                                                                                                                                        ><
291  	                                                                                                                                                                                                                                                                                                                                                                                                                                                                                                                                                                                                      ><
290  	                                                                                                                                                                                                                                                                                                                                                                                                                                                                                                                                                                                                    ><
289  	                                                                                                                                                                                                                                                                                                                                                                                                                                                                                                                                                                                                  ><
288  	                                                                                                                                                                                                                                                                                                                                                                                                                                                                                                                                                                                                ><
287  	                                                                                                                                                                                                                                                                                                                                                                                                                                                                                                                                                                                              ><
286  	                                                                                                                                                                                                                                                                                                                                                                                                                                                                                                                                                                                            ><
285  	                                                                                                                                                                                                                                                                                                                                                                                                                                                                                                                                                                                          ><
284  	                                                                                                                                                                                                                                                                                                                                                                                                                                                                                                                                                                                        ><
283  	                                                                                                                                                                                                                                                                                                                                                                                                                                                                                                                                                                                      ><
282  	                                                                                                                                                                                                                                                                                                                                                                                                                                                                                                                                                                                    ><
281  	                                                                                                                                                                                                                                                                                                                                                                                                                                                                                                                                                                                  ><
280  	                                                                                                                                                                                                                                                                                                                                                                                                                                                                                                                                                                                ><
279  	                                                                                                                                                                                                                                                                                                                                                                                                                                                                                                                                                                              ><
278  	                                                                                                                                                                                                                                                                                                                                                                                                                                                                                                                                                                            ><
221  	                                                                                                                                                                                                                                                                                                                                                                                                                                                          ><
94   	                                                                                                                                                                                            ><
79   	                                                                                                                                                              ><
99   	                                                                                                                                                                                                      ><
174  	                                                                                                                                                                                                                                                                                                                                                            ><
162  	                                                                                                                                                                                                                                                                                                                                    ><
222  	                                                                                                                                                                                                                                                                                                                                                                                                                                                            ><
34   	                                                                    ><
166  	                                                                                                                                                                                                                                                                                                                                            ><
208  	                                                                                                                                                                                                                                                                                                                                                                                                                                ><
123  	                                                                                                                                                                                                                                                      ><
2    	    ><
218  	                                                                                                                                                                                                                                                                                                                                                                                                                                                    ><
33   	                                                                  ><
144  	                                                                                                                                                                                                                                                                                                ><
158  	                                                                                                                                                                                                                                                                                                                            ><
69   	                                                                                                                                          ><
245  	                                                                                                                                                                                                                                                                                                                                                                                                                                                                                                          ><
50   	                                                                                                    ><
199  	                                                                                                                                                                                                                                                                                                                                                                                                              ><
113  	                                                                                                                                                                                                                                  ><
165  	                                                                                                                                                                                                                                                                                                                                          ><
172  	                                                                                                                                                                                                                                                                                                                                                        ><
225  	                                                                                                                                                                                                                                                                                                                                                                                                                                                                  ><
117  	                                                                                                                                                                                                                                          ><
130  	                                                                                                                                                                                                                                                                    ><
140  	                                                                                                                                                                                                                                                                                        ><
114  	                                                                                                                                                                                                                                    ><
247  	                                                                                                                                                                                                                                                                                                                                                                                                                                                                                                              ><
8    	                ><
250  	                                                                                                                                                                                                                                                                                                                                                                                                                                                                                                                    ><
212  	                                                                                                                                                                                                                                                                                                                                                                                                                                        ><
118  	                                                                                                                                                                                                                                            ><
83   	                                                                                                                                                                      ><
233  	                                                                                                                                                                                                                                                                                                                                                                                                                                                                                  ><
141  	                                                                                                                                                                                                                                                                                          ><
251  	                                                                                                                                                                                                                                                                                                                                                                                                                                                                                                                      ><
137  	                                                                                                                                                                                                                                                                                  ><
193  	                                                                                                                                                                                                                                                                                                                                                                                                  ><
209  	                                                                                                                                                                                                                                                                                                                                                                                                                                  ><
43   	                                                                                      ><
133  	                                                                                                                                                                                                                                                                          ><
106  	                                                                                                                                                                                                                    ><
187  	                                                                                                                                                                                                                                                                                                                                                                                      ><
19   	                                      ><
4    	        ><
129  	                                                                                                                                                                                                                                                                  ><
48   	                                                                                                ><
151  	                                                                                                                                                                                                                                                                                                              ><
13   	                          ><
173  	                                                                                                                                                                                                                                                                                                                                                          ><
116  	                                                                                                                                                                                                                                        ><
105  	                                                                                                                                                                                                                  ><
76   	                                                                                                                                                        ><
9    	                  ><
93   	                                                                                                                                                                                          ><
207  	                                                                                                                                                                                                                                                                                                                                                                                                                              ><
127  	                                                                                                                                                                                                                                                              ><
271  	                                                                                                                                                                                                                                                                                                                                                                                                                                                                                                                                                              ><
11   	                      ><
68   	                                                                                                                                        ><
264  	                                                                                                                                                                                                                                                                                                                                                                                                                                                                                                                                                ><
202  	                                                                                                                                                                                                                                                                                                                                                                                                                    ><
92   	                                                                                                                                                                                        ><
139  	                                                                                                                                                                                                                                                                                      ><
25   	                                                  ><
156  	                                                                                                                                                                                                                                                                                                                        ><
55   	                                                                                                              ><
183  	                                                                                                                                                                                                                                                                                                                                                                              ><
3    	      ><
121  	                                                                                                                                                                                                                                                  ><
52   	                                                                                                        ><
220  	                                                                                                                                                                                                                                                                                                                                                                                                                                                        ><
243  	                                                                                                                                                                                                                                                                                                                                                                                                                                                                                                      ><
65   	                                                                                                                                  ><
275  	                                                                                                                                                                                                                                                                                                                                                                                                                                                                                                                                                                      ><
134  	                                                                                                                                                                                                                                                                            ><
258  	                                                                                                                                                                                                                                                                                                                                                                                                                                                                                                                                    ><
239  	                                                                                                                                                                                                                                                                                                                                                                                                                                                                                              ><
168  	                                                                                                                                                                                                                                                                                                                                                ><
101  	                                                                                                                                                                                                          ><
111  	                                                                                                                                                                                                                              ><
147  	                                                                                                                                                                                                                                                                                                      ><
74   	                                                                                                                                                    ><
23   	                                              ><
266  	                                                                                                                                                                                                                                                                                                                                                                                                                                                                                                                                                    ><
181  	                                                                                                                                                                                                                                                                                                                                                                          ><
40   	                                                                                ><
241  	                                                                                                                                                                                                                                                                                                                                                                                                                                                                                                  ><
28   	                                                        ><
195  	                                                                                                                                                                                                                                                                                                                                                                                                      ><
257  	                                                                                                                                                                                                                                                                                                                                                                                                                                                                                                                                  ><
57   	                                                                                                                  ><
86   	                                                                                                                                                                            ><
31   	                                                              ><
73   	                                                                                                                                                  ><
270  	                                                                                                                                                                                                                                                                                                                                                                                                                                                                                                                                                            ><
171  	                                                                                                                                                                                                                                                                                                                                                      ><
16   	                                ><
150  	                                                                                                                                                                                                                                                                                                            ><
178  	                                                                                                                                                                                                                                                                                                                                                                    ><
126  	                                                                                                                                                                                                                                                            ><
184  	                                                                                                                                                                                                                                                                                                                                                                                ><
227  	                                                                                                                                                                                                                                                                                                                                                                                                                                                                      ><
138  	                                                                                                                                                                                                                                                                                    ><
100  	                                                                                                                                                                                                        ><
155  	                                                                                                                                                                                                                                                                                                                      ><
213  	                                                                                                                                                                                                                                                                                                                                                                                                                                          ><
273  	                                                                                                                                                                                                                                                                                                                                                                                                                                                                                                                                                                  ><
51   	                                                                                                      ><
10   	                    ><
60   	                                                                                                                        ><
91   	                                                                                                                                                                                      ><
132  	                                                                                                                                                                                                                                                                        ><
0    	><
39   	                                                                              ><
265  	                                                                                                                                                                                                                                                                                                                                                                                                                                                                                                                                                  ><
42   	                                                                                    ><
45   	                                                                                          ><
238  	                                                                                                                                                                                                                                                                                                                                                                                                                                                                                            ><
167  	                                                                                                                                                                                                                                                                                                                                              ><
58   	                                                                                                                    ><
145  	                                                                                                                                                                                                                                                                                                  ><
7    	              ><
169  	                                                                                                                                                                                                                                                                                                                                                  ><
215  	                                                                                                                                                                                                                                                                                                                                                                                                                                              ><
63   	                                                                                                                              ><
78   	                                                                                                                                                            ><
47   	                                                                                              ><
211  	                                                                                                                                                                                                                                                                                                                                                                                                                                      ><
272  	                                                                                                                                                                                                                                                                                                                                                                                                                                                                                                                                                                ><
5    	          ><
18   	                                    ><
85   	                                                                                                                                                                          ><
223  	                                                                                                                                                                                                                                                                                                                                                                                                                                                              ><
182  	                                                                                                                                                                                                                                                                                                                                                                            ><
108  	                                                                                                                                                                                                                        ><
98   	                                                                                                                                                                                                    ><
27   	                                                      ><
12   	                        ><
104  	                                                                                                                                                                                                                ><
96   	                                                                                                                                                                                                ><
67   	                                                                                                                                      ><
61   	                                                                                                                          ><
95   	                                                                                                                                                                                              ><
44   	                                                                                        ><
110  	                                                                                                                                                                                                                            ><
186  	                                                                                                                                                                                                                                                                                                                                                                                    ><
21   	                                          ><
276  	                                                                                                                                                                                                                                                                                                                                                                                                                                                                                                                                                                        ><
224  	                                                                                                                                                                                                                                                                                                                                                                                                                                                                ><
254  	                                                                                                                                                                                                                                                                                                                                                                                                                                                                                                                            ><
109  	                                                                                                                                                                                                                          ><
219  	                                                                                                                                                                                                                                                                                                                                                                                                                                                      ><
1    	  ><
62   	                                                                                                                            ><
112  	                                                                                                                                                                                                                                ><
259  	                                                                                                                                                                                                                                                                                                                                                                                                                                                                                                                                      ><
240  	                                                                                                                                                                                                                                                                                                                                                                                                                                                                                                ><
234  	                                                                                                                                                                                                                                                                                                                                                                                                                                                                                    ><
124  	                                                                                                                                                                                                                                                        ><
56   	                                                                                                                ><
97   	                                                                                                                                                                                                  ><
128  	                                                                                                                                                                                                                                                                ><
185  	                                                                                                                                                                                                                                                                                                                                                                                  ><
32   	                                                                ><
6    	            ><
17   	                                  ><
201  	                                                                                                                                                                                                                                                                                                                                                                                                                  ><
37   	                                                                          ><
35   	                                                                      ><
189  	                                                                                                                                                                                                                                                                                                                                                                                          ><
226  	                                                                                                                                                                                                                                                                                                                                                                                                                                                                    ><
89   	                                                                                                                                                                                  ><
217  	                                                                                                                                                                                                                                                                                                                                                                                                                                                  ><
38   	                                                                            ><
107  	                                                                                                                                                                                                                      ><
22   	                                            ><
75   	                                                                                                                                                      ><
246  	                                                                                                                                                                                                                                                                                                                                                                                                                                                                                                            ><
29   	                                                          ><
84   	                                                                                                                                                                        ><
198  	                                                                                                                                                                                                                                                                                                                                                                                                            ><
269  	                                                                                                                                                                                                                                                                                                                                                                                                                                                                                                                                                          ><
125  	                                                                                                                                                                                                                                                          ><
119  	                                                                                                                                                                                                                                              ><
180  	                                                                                                                                                                                                                                                                                                                                                                        ><
230  	                                                                                                                                                                                                                                                                                                                                                                                                                                                                            ><
41   	                                                                                  ><
81   	                                                                                                                                                                  ><
249  	                                                                                                                                                                                                                                                                                                                                                                                                                                                                                                                  ><
87   	                                                                                                                                                                              ><
206  	                                                                                                                                                                                                                                                                                                                                                                                                                            ><
64   	                                                                                                                                ><
277  	                                                                                                                                                                                                                                                                                                                                                                                                                                                                                                                                                                          ><
204  	                                                                                                                                                                                                                                                                                                                                                                                                                        ><
142  	                                                                                                                                                                                                                                                                                            ><
176  	                                                                                                                                                                                                                                                                                                                                                                ><
115  	                                                                                                                                                                                                                                      ><
154  	                                                                                                                                                                                                                                                                                                                    ><
30   	                                                            ><
20   	                                        ><
252  	                                                                                                                                                                                                                                                                                                                                                                                                                                                                                                                        ><
46   	                                                                                            ><
14   	                            ><
71   	                                                                                                                                              ><
229  	                                                                                                                                                                                                                                                                                                                                                                                                                                                                          ><
256  	                                                                                                                                                                                                                                                                                                                                                                                                                                                                                                                                ><
253  	                                                                                                                                                                                                                                                                                                                                                                                                                                                                                                                          ><
59   	                                                                                                                      ><
120  	                                                                                                                                                                                                                                                ><
80   	                                                                                                                                                                ><
49   	                                                                                                  ><
143  	                                                                                                                                                                                                                                                                                              ><
90   	                                                                                                                                                                                    ><
274  	                                                                                                                                                                                                                                                                                                                                                                                                                                                                                                                                                                    ><
192  	                                                                                                                                                                                                                                                                                                                                                                                                ><
231  	                                                                                                                                                                                                                                                                                                                                                                                                                                                                              ><
159  	                                                                                                                                                                                                                                                                                                                              ><
66   	                                                                                                                                    ><
235  	                                                                                                                                                                                                                                                                                                                                                                                                                                                                                      ><
210  	                                                                                                                                                                                                                                                                                                                                                                                                                                    ><
228  	                                                                                                                                                                                                                                                                                                                                                                                                                                                                        ><
179  	                                                                                                                                                                                                                                                                                                                                                                      ><
255  	                                                                                                                                                                                                                                                                                                                                                                                                                                                                                                                              ><
24   	                                                ><
15   	                              ><
191  	                                                                                                                                                                                                                                                                                                                                                                                              ><
70   	                                                                                                                                            ><
160  	                                                                                                                                                                                                                                                                                                                                ><
163  	                                                                                                                                                                                                                                                                                                                                      ><
136  	                                                                                                                                                                                                                                                                                ><
36   	                                                                        ><
153  	                                                                                                                                                                                                                                                                                                                  ><
263  	                                                                                                                                                                                                                                                                                                                                                                                                                                                                                                                                              ><
148  	                                                                                                                                                                                                                                                                                                        ><
200  	                                                                                                                                                                                                                                                                                                                                                                                                                ><
103  	                                                                                                                                                                                                              ><
72   	                                                                                                                                                ><
190  	                                                                                                                                                                                                                                                                                                                                                                                            ><
53   	                                                                                                          ><
196  	                                                                                                                                                                                                                                                                                                                                                                                                        ><
260  	                                                                                                                                                                                                                                                                                                                                                                                                                                                                                                                                        ><
188  	                                                                                                                                                                                                                                                                                                                                                                                        ><
267  	                                                                                                                                                                                                                                                                                                                                                                                                                                                                                                                                                      ><
77   	                                                                                                                                                          ><
194  	                                                                                                                                                                                                                                                                                                                                                                                                    ><
242  	                                                                                                                                                                                                                                                                                                                                                                                                                                                                                                    ><
131  	                                                                                                                                                                                                                                                                      ><
197  	                                                                                                                                                                                                                                                                                                                                                                                                          ><
146  	                                                                                                                                                                                                                                                                                                    ><
164  	                                                                                                                                                                                                                                                                                                                                        ><
216  	                                                                                                                                                                                                                                                                                                                                                                                                                                                ><
157  	                                                                                                                                                                                                                                                                                                                          ><
175  	                                                                                                                                                                                                                                                                                                                                                              ><
149  	                                                                                                                                                                                                                                                                                                          ><
177  	                                                                                                                                                                                                                                                                                                                                                                  ><
268  	                                                                                                                                                                                                                                                                                                                                                                                                                                                                                                                                                        ><
214  	                                                                                                                                                                                                                                                                                                                                                                                                                                            ><
82   	                                                                                                                                                                    ><
54   	                                                                                                            ><
88   	                                                                                                                                                                                ><
161  	                                                                                                                                                                                                                                                                                                                                  ><
261  	                                                                                                                                                                                                                                                                                                                                                                                                                                                                                                                                          ><
152  	                                                                                                                                                                                                                                                                                                                ><
203  	                                                                                                                                                                                                                                                                                                                                                                                                                      ><
237  	                                                                                                                                                                                                                                                                                                                                                                                                                                                                                          ><
205  	                                                                                                                                                                                                                                                                                                                                                                                                                          ><
262  	                                                                                                                                                                                                                                                                                                                                                                                                                                                                                                                                            ><
244  	                                                                                                                                                                                                                                                                                                                                                                                                                                                                                                        ><
102  	                                                                                                                                                                                                            ><
122  	                                                                                                                                                                                                                                                    ><
170  	                                                                                                                                                                                                                                                                                                                                                    ><
236  	                                                                                                                                                                                                                                                                                                                                                                                                                                                                                        ><
26   	                                                    ><
248  	                                                                                                                                                                                                                                                                                                                                                                                                                                                                                                                ><
232  	                                                                                                                                                                                                                                                                                                                                                                                                                                                                                ><
135  	                                                                                                                                                                                                                                                                              ><
299  	                                                                                                                                                                                                                                                                                                                                                                                                                                                                                                                                                                                                                      ><
