---
source: bucket-spigot/src/order/tests/random_seeded.rs
expression: result
---
125  	                                                                                                                                                                                                                                                          ><
253  	                                                                                                                                                                                                                                                                                                                                                                                                                                                                                                                          ><
38   	                                                                            ><
112  	                                                                                                                                                                                                                                ><
222  	                                                                                                                                                                                                                                                                                                                                                                                                                                                            ><
292  	                                                                                                                                                                                                                                                                                                                                                                                                                                                                                                                                                                                                        ><
5    	          ><
130  	                                                                                                                                                                                                                                                                    ><
104  	                                                                                                                                                                                                                ><
174  	                                                                                                                                                                                                                                                                                                                                                            ><
275  	                                                                                                                                                                                                                                                                                                                                                                                                                                                                                                                                                                      ><
149  	                                                                                                                                                                                                                                                                                                          ><
26   	                                                    ><
142  	                                                                                                                                                                                                                                                                                            ><
264  	                                                                                                                                                                                                                                                                                                                                                                                                                                                                                                                                                ><
224  	                                                                                                                                                                                                                                                                                                                                                                                                                                                                ><
152  	                                                                                                                                                                                                                                                                                                                ><
164  	                                                                                                                                                                                                                                                                                                                                        ><
32   	                                                                ><
67   	                                                                                                                                      ><
211  	                                                                                                                                                                                                                                                                                                                                                                                                                                      ><
48   	                                                                                                ><
27   	                                                      ><
144  	                                                                                                                                                                                                                                                                                                ><
250  	                                                                                                                                                                                                                                                                                                                                                                                                                                                                                                                    ><
1    	  ><
185  	                                                                                                                                                                                                                                                                                                                                                                                  ><
3    	      ><
148  	                                                                                                                                                                                                                                                                                                        ><
226  	                                                                                                                                                                                                                                                                                                                                                                                                                                                                    ><
103  	                                                                                                                                                                                                              ><
16   	                                ><
159  	                                                                                                                                                                                                                                                                                                                              ><
191  	                                                                                                                                                                                                                                                                                                                                                                                              ><
146  	                                                                                                                                                                                                                                                                                                    ><
86   	                                                                                                                                                                            ><
243  	                                                                                                                                                                                                                                                                                                                                                                                                                                                                                                      ><
298  	                                                                                                                                                                                                                                                                                                                                                                                                                                                                                                                                                                                                                    ><
273  	                                                                                                                                                                                                                                                                                                                                                                                                                                                                                                                                                                  ><
138  	                                                                                                                                                                                                                                                                                    ><
221  	                                                                                                                                                                                                                                                                                                                                                                                                                                                          ><
78   	                                                                                                                                                            ><
113  	                                                                                                                                                                                                                                  ><
108  	                                                                                                                                                                                                                        ><
293  	                                                                                                                                                                                                                                                                                                                                                                                                                                                                                                                                                                                                          ><
64   	                                                                                                                                ><
65   	                                                                                                                                  ><
45   	                                                                                          ><
251  	                                                                                                                                                                                                                                                                                                                                                                                                                                                                                                                      ><
179  	                                                                                                                                                                                                                                                                                                                                                                      ><
218  	                                                                                                                                                                                                                                                                                                                                                                                                                                                    ><
233  	                                                                                                                                                                                                                                                                                                                                                                                                                                                                                  ><
220  	                                                                                                                                                                                                                                                                                                                                                                                                                                                        ><
11   	                      ><
213  	                                                                                                                                                                                                                                                                                                                                                                                                                                          ><
56   	                                                                                                                ><
96   	                                                                                                                                                                                                ><
8    	                ><
41   	                                                                                  ><
63   	                                                                                                                              ><
111  	                                                                                                                                                                                                                              ><
255  	                                                                                                                                                                                                                                                                                                                                                                                                                                                                                                                              ><
210  	                                                                                                                                                                                                                                                                                                                                                                                                                                    ><
266  	                                                                                                                                                                                                                                                                                                                                                                                                                                                                                                                                                    ><
132  	                                                                                                                                                                                                                                                                        ><
58   	                                                                                                                    ><
19   	                                      ><
0    	><
284  	                                                                                                                                                                                                                                                                                                                                                                                                                                                                                                                                                                                        ><
31   	                                                              ><
196  	                                                                                                                                                                                                                                                                                                                                                                                                        ><
24   	                                                ><
242  	                                                                                                                                                                                                                                                                                                                                                                                                                                                                                                    ><
99   	                                                                                                                                                                                                      ><
245  	                                                                                                                                                                                                                                                                                                                                                                                                                                                                                                          ><
189  	                                                                                                                                                                                                                                                                                                                                                                                          ><
217  	                                                                                                                                                                                                                                                                                                                                                                                                                                                  ><
30   	                                                            ><
145  	                                                                                                                                                                                                                                                                                                  ><
22   	                                            ><
232  	                                                                                                                                                                                                                                                                                                                                                                                                                                                                                ><
247  	                                                                                                                                                                                                                                                                                                                                                                                                                                                                                                              ><
128  	                                                                                                                                                                                                                                                                ><
115  	                                                                                                                                                                                                                                      ><
2    	    ><
70   	                                                                                                                                            ><
162  	                                                                                                                                                                                                                                                                                                                                    ><
236  	                                                                                                                                                                                                                                                                                                                                                                                                                                                                                        ><
265  	                                                                                                                                                                                                                                                                                                                                                                                                                                                                                                                                                  ><
287  	                                                                                                                                                                                                                                                                                                                                                                                                                                                                                                                                                                                              ><
274  	                                                                                                                                                                                                                                                                                                                                                                                                                                                                                                                                                                    ><
47   	                                                                                              ><
177  	                                                                                                                                                                                                                                                                                                                                                                  ><
202  	                                                                                                                                                                                                                                                                                                                                                                                                                    ><
20   	                                        ><
76   	                                                                                                                                                        ><
246  	                                                                                                                                                                                                                                                                                                                                                                                                                                                                                                            ><
82   	                                                                                                                                                                    ><
7    	              ><
278  	                                                                                                                                                                                                                                                                                                                                                                                                                                                                                                                                                                            ><
288  	                                                                                                                                                                                                                                                                                                                                                                                                                                                                                                                                                                                                ><
175  	                                                                                                                                                                                                                                                                                                                                                              ><
37   	                                                                          ><
43   	                                                                                      ><
23   	                                              ><
55   	                                                                                                              ><
91   	                                                                                                                                                                                      ><
167  	                                                                                                                                                                                                                                                                                                                                              ><
252  	                                                                                                                                                                                                                                                                                                                                                                                                                                                                                                                        ><
79   	                                                                                                                                                              ><
197  	                                                                                                                                                                                                                                                                                                                                                                                                          ><
160  	                                                                                                                                                                                                                                                                                                                                ><
25   	                                                  ><
268  	                                                                                                                                                                                                                                                                                                                                                                                                                                                                                                                                                        ><
34   	                                                                    ><
49   	                                                                                                  ><
186  	                                                                                                                                                                                                                                                                                                                                                                                    ><
169  	                                                                                                                                                                                                                                                                                                                                                  ><
200  	                                                                                                                                                                                                                                                                                                                                                                                                                ><
277  	                                                                                                                                                                                                                                                                                                                                                                                                                                                                                                                                                                          ><
234  	                                                                                                                                                                                                                                                                                                                                                                                                                                                                                    ><
143  	                                                                                                                                                                                                                                                                                              ><
158  	                                                                                                                                                                                                                                                                                                                            ><
121  	                                                                                                                                                                                                                                                  ><
154  	                                                                                                                                                                                                                                                                                                                    ><
215  	                                                                                                                                                                                                                                                                                                                                                                                                                                              ><
62   	                                                                                                                            ><
71   	                                                                                                                                              ><
289  	                                                                                                                                                                                                                                                                                                                                                                                                                                                                                                                                                                                                  ><
240  	                                                                                                                                                                                                                                                                                                                                                                                                                                                                                                ><
228  	                                                                                                                                                                                                                                                                                                                                                                                                                                                                        ><
81   	                                                                                                                                                                  ><
249  	                                                                                                                                                                                                                                                                                                                                                                                                                                                                                                                  ><
203  	                                                                                                                                                                                                                                                                                                                                                                                                                      ><
69   	                                                                                                                                          ><
92   	                                                                                                                                                                                        ><
173  	                                                                                                                                                                                                                                                                                                                                                          ><
178  	                                                                                                                                                                                                                                                                                                                                                                    ><
190  	                                                                                                                                                                                                                                                                                                                                                                                            ><
15   	                              ><
114  	                                                                                                                                                                                                                                    ><
131  	                                                                                                                                                                                                                                                                      ><
171  	                                                                                                                                                                                                                                                                                                                                                      ><
35   	                                                                      ><
107  	                                                                                                                                                                                                                      ><
39   	                                                                              ><
89   	                                                                                                                                                                                  ><
102  	                                                                                                                                                                                                            ><
120  	                                                                                                                                                                                                                                                ><
204  	                                                                                                                                                                                                                                                                                                                                                                                                                        ><
297  	                                                                                                                                                                                                                                                                                                                                                                                                                                                                                                                                                                                                                  ><
85   	                                                                                                                                                                          ><
29   	                                                          ><
263  	                                                                                                                                                                                                                                                                                                                                                                                                                                                                                                                                              ><
176  	                                                                                                                                                                                                                                                                                                                                                                ><
42   	                                                                                    ><
110  	                                                                                                                                                                                                                            ><
285  	                                                                                                                                                                                                                                                                                                                                                                                                                                                                                                                                                                                          ><
13   	                          ><
83   	                                                                                                                                                                      ><
77   	                                                                                                                                                          ><
286  	                                                                                                                                                                                                                                                                                                                                                                                                                                                                                                                                                                                            ><
10   	                    ><
95   	                                                                                                                                                                                              ><
254  	                                                                                                                                                                                                                                                                                                                                                                                                                                                                                                                            ><
57   	                                                                                                                  ><
188  	                                                                                                                                                                                                                                                                                                                                                                                        ><
140  	                                                                                                                                                                                                                                                                                        ><
198  	                                                                                                                                                                                                                                                                                                                                                                                                            ><
205  	                                                                                                                                                                                                                                                                                                                                                                                                                          ><
195  	                                                                                                                                                                                                                                                                                                                                                                                                      ><
267  	                                                                                                                                                                                                                                                                                                                                                                                                                                                                                                                                                      ><
291  	                                                                                                                                                                                                                                                                                                                                                                                                                                                                                                                                                                                                      ><
66   	                                                                                                                                    ><
299  	                                                                                                                                                                                                                                                                                                                                                                                                                                                                                                                                                                                                                      ><
168  	                                                                                                                                                                                                                                                                                                                                                ><
219  	                                                                                                                                                                                                                                                                                                                                                                                                                                                      ><
187  	                                                                                                                                                                                                                                                                                                                                                                                      ><
192  	                                                                                                                                                                                                                                                                                                                                                                                                ><
201  	                                                                                                                                                                                                                                                                                                                                                                                                                  ><
54   	                                                                                                            ><
106  	                                                                                                                                                                                                                    ><
134  	                                                                                                                                                                                                                                                                            ><
244  	                                                                                                                                                                                                                                                                                                                                                                                                                                                                                                        ><
72   	                                                                                                                                                ><
193  	                                                                                                                                                                                                                                                                                                                                                                                                  ><
61   	                                                                                                                          ><
9    	                  ><
296  	                                                                                                                                                                                                                                                                                                                                                                                                                                                                                                                                                                                                                ><
227  	                                                                                                                                                                                                                                                                                                                                                                                                                                                                      ><
157  	                                                                                                                                                                                                                                                                                                                          ><
238  	                                                                                                                                                                                                                                                                                                                                                                                                                                                                                            ><
261  	                                                                                                                                                                                                                                                                                                                                                                                                                                                                                                                                          ><
52   	                                                                                                        ><
94   	                                                                                                                                                                                            ><
133  	                                                                                                                                                                                                                                                                          ><
260  	                                                                                                                                                                                                                                                                                                                                                                                                                                                                                                                                        ><
230  	                                                                                                                                                                                                                                                                                                                                                                                                                                                                            ><
209  	                                                                                                                                                                                                                                                                                                                                                                                                                                  ><
118  	                                                                                                                                                                                                                                            ><
127  	                                                                                                                                                                                                                                                              ><
123  	                                                                                                                                                                                                                                                      ><
272  	                                                                                                                                                                                                                                                                                                                                                                                                                                                                                                                                                                ><
97   	                                                                                                                                                                                                  ><
88   	                                                                                                                                                                                ><
109  	                                                                                                                                                                                                                          ><
119  	                                                                                                                                                                                                                                              ><
150  	                                                                                                                                                                                                                                                                                                            ><
214  	                                                                                                                                                                                                                                                                                                                                                                                                                                            ><
36   	                                                                        ><
93   	                                                                                                                                                                                          ><
269  	                                                                                                                                                                                                                                                                                                                                                                                                                                                                                                                                                          ><
223  	                                                                                                                                                                                                                                                                                                                                                                                                                                                              ><
155  	                                                                                                                                                                                                                                                                                                                      ><
235  	                                                                                                                                                                                                                                                                                                                                                                                                                                                                                      ><
124  	                                                                                                                                                                                                                                                        ><
17   	                                  ><
80   	                                                                                                                                                                ><
151  	                                                                                                                                                                                                                                                                                                              ><
241  	                                                                                                                                                                                                                                                                                                                                                                                                                                                                                                  ><
101  	                                                                                                                                                                                                          ><
259  	                                                                                                                                                                                                                                                                                                                                                                                                                                                                                                                                      ><
248  	                                                                                                                                                                                                                                                                                                                                                                                                                                                                                                                ><
40   	                                                                                ><
53   	                                                                                                          ><
229  	                                                                                                                                                                                                                                                                                                                                                                                                                                                                          ><
50   	                                                                                                    ><
194  	                                                                                                                                                                                                                                                                                                                                                                                                    ><
180  	                                                                                                                                                                                                                                                                                                                                                                        ><
294  	                                                                                                                                                                                                                                                                                                                                                                                                                                                                                                                                                                                                            ><
237  	                                                                                                                                                                                                                                                                                                                                                                                                                                                                                          ><
239  	                                                                                                                                                                                                                                                                                                                                                                                                                                                                                              ><
295  	                                                                                                                                                                                                                                                                                                                                                                                                                                                                                                                                                                                                              ><
12   	                        ><
46   	                                                                                            ><
262  	                                                                                                                                                                                                                                                                                                                                                                                                                                                                                                                                            ><
216  	                                                                                                                                                                                                                                                                                                                                                                                                                                                ><
6    	            ><
75   	                                                                                                                                                      ><
170  	                                                                                                                                                                                                                                                                                                                                                    ><
14   	                            ><
271  	                                                                                                                                                                                                                                                                                                                                                                                                                                                                                                                                                              ><
59   	                                                                                                                      ><
139  	                                                                                                                                                                                                                                                                                      ><
28   	                                                        ><
153  	                                                                                                                                                                                                                                                                                                                  ><
100  	                                                                                                                                                                                                        ><
84   	                                                                                                                                                                        ><
90   	                                                                                                                                                                                    ><
156  	                                                                                                                                                                                                                                                                                                                        ><
184  	                                                                                                                                                                                                                                                                                                                                                                                ><
18   	                                    ><
257  	                                                                                                                                                                                                                                                                                                                                                                                                                                                                                                                                  ><
281  	                                                                                                                                                                                                                                                                                                                                                                                                                                                                                                                                                                                  ><
290  	                                                                                                                                                                                                                                                                                                                                                                                                                                                                                                                                                                                                    ><
122  	                                                                                                                                                                                                                                                    ><
258  	                                                                                                                                                                                                                                                                                                                                                                                                                                                                                                                                    ><
280  	                                                                                                                                                                                                                                                                                                                                                                                                                                                                                                                                                                                ><
116  	                                                                                                                                                                                                                                        ><
21   	                                          ><
137  	                                                                                                                                                                                                                                                                                  ><
183  	                                                                                                                                                                                                                                                                                                                                                                              ><
225  	                                                                                                                                                                                                                                                                                                                                                                                                                                                                  ><
256  	                                                                                                                                                                                                                                                                                                                                                                                                                                                                                                                                ><
166  	                                                                                                                                                                                                                                                                                                                                            ><
276  	                                                                                                                                                                                                                                                                                                                                                                                                                                                                                                                                                                        ><
163  	                                                                                                                                                                                                                                                                                                                                      ><
4    	        ><
182  	                                                                                                                                                                                                                                                                                                                                                                            ><
172  	                                                                                                                                                                                                                                                                                                                                                        ><
33   	                                                                  ><
206  	                                                                                                                                                                                                                                                                                                                                                                                                                            ><
68   	                                                                                                                                        ><
105  	                                                                                                                                                                                                                  ><
74   	                                                                                                                                                    ><
279  	                                                                                                                                                                                                                                                                                                                                                                                                                                                                                                                                                                              ><
60   	                                                                                                                        ><
117  	                                                                                                                                                                                                                                          ><
87   	                                                                                                                                                                              ><
51   	                                                                                                      ><
199  	                                                                                                                                                                                                                                                                                                                                                                                                              ><
129  	                                                                                                                                                                                                                                                                  ><
147  	                                                                                                                                                                                                                                                                                                      ><
212  	                                                                                                                                                                                                                                                                                                                                                                                                                                        ><
135  	                                                                                                                                                                                                                                                                              ><
270  	                                                                                                                                                                                                                                                                                                                                                                                                                                                                                                                                                            ><
44   	                                                                                        ><
208  	                                                                                                                                                                                                                                                                                                                                                                                                                                ><
283  	                                                                                                                                                                                                                                                                                                                                                                                                                                                                                                                                                                                      ><
231  	                                                                                                                                                                                                                                                                                                                                                                                                                                                                              ><
161  	                                                                                                                                                                                                                                                                                                                                  ><
136  	                                                                                                                                                                                                                                                                                ><
181  	                                                                                                                                                                                                                                                                                                                                                                          ><
73   	                                                                                                                                                  ><
282  	                                                                                                                                                                                                                                                                                                                                                                                                                                                                                                                                                                                    ><
141  	                                                                                                                                                                                                                                                                                          ><
207  	                                                                                                                                                                                                                                                                                                                                                                                                                              ><
126  	                                                                                                                                                                                                                                                            ><
165  	                                                                                                                                                                                                                                                                                                                                          ><
98   	                                                                                                                                                                                                    ><
