---
source: bucket-spigot/src/tests/view_table.rs
expression: full
---
Table {
X <---------------------------------------------------- .0 joint (1 child) in order
 X <--------------------------------------------------- .1 joint (empty) in order
  X <-------------------------------------------------- .2 joint (empty) in order
   X <------------------------------------------------- .3 joint (empty) in order
    X <------------------------------------------------ .4 joint (empty) in order
     X <----------------------------------------------- .5 joint (empty) in order
      X <---------------------------------------------- .6 joint (empty) in order
       X <--------------------------------------------- .7 joint (empty) in order
        X <-------------------------------------------- .8 joint (empty) in order
         X <------------------------------------------- .9 joint (empty) in order
          X <------------------------------------------ .10 joint (empty) in order
           X <----------------------------------------- .11 joint (empty) in order
            X <---------------------------------------- .12 joint (empty) in order
             X <--------------------------------------- .13 joint (empty) in order
              X <-------------------------------------- .14 joint (empty) in order
               X <------------------------------------- .15 joint (empty) in order
                X <------------------------------------ .16 joint (empty) in order
                 X <----------------------------------- .17 joint (empty) in order
                  X <---------------------------------- .18 joint (empty) in order
                   X <--------------------------------- .19 joint (empty) in order
                    X <-------------------------------- .20 joint (empty) in order
                     X <------------------------------- .21 joint (empty) in order
                      X <------------------------------ .22 joint (empty) in order
                       X <----------------------------- .23 joint (empty) in order
                        X <---------------------------- .24 joint (empty) in order
                         X <--------------------------- .25 joint (empty) in order
                          X <-------------------------- .26 joint (empty) in order
                           X <------------------------- .27 joint (empty) in order
                            X <------------------------ .28 joint (empty) in order
                             X <----------------------- .29 joint (empty) in order
                              X <---------------------- .30 joint (empty) in order
                               X <--------------------- .31 joint (empty) in order
                                X <-------------------- .32 joint (empty) in order
                                 X <------------------- .33 joint (empty) in order
                                  X <------------------ .34 joint (empty) in order
                                   X <----------------- .35 joint (empty) in order
                                    X <---------------- .36 joint (empty) in order
                                     X <--------------- .37 joint (empty) in order
                                      X <-------------- .38 joint (empty) in order
                                       X <------------- .39 joint (empty) in order
                                        X <------------ .40 joint (empty) in order
                                         X <----------- .41 joint (empty) in order
                                          X <---------- .42 joint (empty) in order
                                           X <--------- .43 joint (empty) in order
                                            X <-------- .44 joint (empty) in order
                                             X <------- .45 joint (empty) in order
                                              X <------ .46 joint (empty) in order
                                               X <----- .47 joint (empty) in order
                                                X <---- .48 joint (empty) in order
                                                 X <--- .49 joint (empty) in order
X <---------------------------------------------------- .0.0 joint (1 child) in order
X <---------------------------------------------------- .0.0.0 joint (1 child) in order
X <---------------------------------------------------- .0.0.0.0 joint (1 child) in order
X <---------------------------------------------------- .0.0.0.0.0 joint (1 child) in order
X <---------------------------------------------------- .0.0.0.0.0.0 joint (1 child) in order
X <---------------------------------------------------- .0.0.0.0.0.0.0 joint (1 child) in order
X <---------------------------------------------------- .0.0.0.0.0.0.0.0 joint (1 child) in order
X <---------------------------------------------------- .0.0.0.0.0.0.0.0.0 joint (1 child) in order
X <---------------------------------------------------- .0.0.0.0.0.0.0.0.0.0 joint (1 child) in order
X <---------------------------------------------------- .0.0.0.0.0.0.0.0.0.0.0 joint (1 child) in order
X <---------------------------------------------------- .0.0.0.0.0.0.0.0.0.0.0.0 joint (1 child) in order
X <---------------------------------------------------- .0.0.0.0.0.0.0.0.0.0.0.0.0 joint (1 child) in order
X <---------------------------------------------------- .0.0.0.0.0.0.0.0.0.0.0.0.0.0 joint (1 child) in order
X <---------------------------------------------------- .0.0.0.0.0.0.0.0.0.0.0.0.0.0.0 joint (1 child) in order
X <---------------------------------------------------- .0.0.0.0.0.0.0.0.0.0.0.0.0.0.0.0 joint (1 child) in order
X <---------------------------------------------------- .0.0.0.0.0.0.0.0.0.0.0.0.0.0.0.0.0 joint (1 child) in order
X <---------------------------------------------------- .0.0.0.0.0.0.0.0.0.0.0.0.0.0.0.0.0.0 joint (1 child) in order
X <---------------------------------------------------- .0.0.0.0.0.0.0.0.0.0.0.0.0.0.0.0.0.0.0 joint (1 child) in order
X <---------------------------------------------------- .0.0.0.0.0.0.0.0.0.0.0.0.0.0.0.0.0.0.0.0 joint (1 child) in order
X <---------------------------------------------------- .0.0.0.0.0.0.0.0.0.0.0.0.0.0.0.0.0.0.0.0.0 joint (1 child) in order
X <---------------------------------------------------- .0.0.0.0.0.0.0.0.0.0.0.0.0.0.0.0.0.0.0.0.0.0 joint (1 child) in order
X <---------------------------------------------------- .0.0.0.0.0.0.0.0.0.0.0.0.0.0.0.0.0.0.0.0.0.0.0 joint (1 child) in order
X <---------------------------------------------------- .0.0.0.0.0.0.0.0.0.0.0.0.0.0.0.0.0.0.0.0.0.0.0.0 joint (1 child) in order
X <---------------------------------------------------- .0.0.0.0.0.0.0.0.0.0.0.0.0.0.0.0.0.0.0.0.0.0.0.0.0 joint (1 child) in order
X <---------------------------------------------------- .0.0.0.0.0.0.0.0.0.0.0.0.0.0.0.0.0.0.0.0.0.0.0.0.0.0 joint (1 child) in order
X <---------------------------------------------------- .0.0.0.0.0.0.0.0.0.0.0.0.0.0.0.0.0.0.0.0.0.0.0.0.0.0.0 joint (1 child) in order
X <---------------------------------------------------- .0.0.0.0.0.0.0.0.0.0.0.0.0.0.0.0.0.0.0.0.0.0.0.0.0.0.0.0 joint (1 child) in order
X <---------------------------------------------------- .0.0.0.0.0.0.0.0.0.0.0.0.0.0.0.0.0.0.0.0.0.0.0.0.0.0.0.0.0 joint (1 child) in order
X <---------------------------------------------------- .0.0.0.0.0.0.0.0.0.0.0.0.0.0.0.0.0.0.0.0.0.0.0.0.0.0.0.0.0.0 joint (1 child) in order
X <---------------------------------------------------- .0.0.0.0.0.0.0.0.0.0.0.0.0.0.0.0.0.0.0.0.0.0.0.0.0.0.0.0.0.0.0 joint (1 child) in order
X <---------------------------------------------------- .0.0.0.0.0.0.0.0.0.0.0.0.0.0.0.0.0.0.0.0.0.0.0.0.0.0.0.0.0.0.0.0 joint (1 child) in order
X <---------------------------------------------------- .0.0.0.0.0.0.0.0.0.0.0.0.0.0.0.0.0.0.0.0.0.0.0.0.0.0.0.0.0.0.0.0.0 joint (1 child) in order
X <---------------------------------------------------- .0.0.0.0.0.0.0.0.0.0.0.0.0.0.0.0.0.0.0.0.0.0.0.0.0.0.0.0.0.0.0.0.0.0 joint (1 child) in order
X <---------------------------------------------------- .0.0.0.0.0.0.0.0.0.0.0.0.0.0.0.0.0.0.0.0.0.0.0.0.0.0.0.0.0.0.0.0.0.0.0 joint (1 child) in order
X <---------------------------------------------------- .0.0.0.0.0.0.0.0.0.0.0.0.0.0.0.0.0.0.0.0.0.0.0.0.0.0.0.0.0.0.0.0.0.0.0.0 joint (1 child) in order
X <---------------------------------------------------- .0.0.0.0.0.0.0.0.0.0.0.0.0.0.0.0.0.0.0.0.0.0.0.0.0.0.0.0.0.0.0.0.0.0.0.0.0 joint (1 child) in order
X <---------------------------------------------------- .0.0.0.0.0.0.0.0.0.0.0.0.0.0.0.0.0.0.0.0.0.0.0.0.0.0.0.0.0.0.0.0.0.0.0.0.0.0 joint (1 child) in order
X <---------------------------------------------------- .0.0.0.0.0.0.0.0.0.0.0.0.0.0.0.0.0.0.0.0.0.0.0.0.0.0.0.0.0.0.0.0.0.0.0.0.0.0.0 joint (1 child) in order
X <---------------------------------------------------- .0.0.0.0.0.0.0.0.0.0.0.0.0.0.0.0.0.0.0.0.0.0.0.0.0.0.0.0.0.0.0.0.0.0.0.0.0.0.0.0 joint (1 child) in order
X <---------------------------------------------------- .0.0.0.0.0.0.0.0.0.0.0.0.0.0.0.0.0.0.0.0.0.0.0.0.0.0.0.0.0.0.0.0.0.0.0.0.0.0.0.0.0 joint (1 child) in order
X <---------------------------------------------------- .0.0.0.0.0.0.0.0.0.0.0.0.0.0.0.0.0.0.0.0.0.0.0.0.0.0.0.0.0.0.0.0.0.0.0.0.0.0.0.0.0.0 joint (1 child) in order
X <---------------------------------------------------- .0.0.0.0.0.0.0.0.0.0.0.0.0.0.0.0.0.0.0.0.0.0.0.0.0.0.0.0.0.0.0.0.0.0.0.0.0.0.0.0.0.0.0 joint (1 child) in order
X <---------------------------------------------------- .0.0.0.0.0.0.0.0.0.0.0.0.0.0.0.0.0.0.0.0.0.0.0.0.0.0.0.0.0.0.0.0.0.0.0.0.0.0.0.0.0.0.0.0 joint (1 child) in order
X <---------------------------------------------------- .0.0.0.0.0.0.0.0.0.0.0.0.0.0.0.0.0.0.0.0.0.0.0.0.0.0.0.0.0.0.0.0.0.0.0.0.0.0.0.0.0.0.0.0.0 joint (1 child) in order
X <---------------------------------------------------- .0.0.0.0.0.0.0.0.0.0.0.0.0.0.0.0.0.0.0.0.0.0.0.0.0.0.0.0.0.0.0.0.0.0.0.0.0.0.0.0.0.0.0.0.0.0 joint (1 child) in order
X <---------------------------------------------------- .0.0.0.0.0.0.0.0.0.0.0.0.0.0.0.0.0.0.0.0.0.0.0.0.0.0.0.0.0.0.0.0.0.0.0.0.0.0.0.0.0.0.0.0.0.0.0 joint (1 child) in order
X <---------------------------------------------------- .0.0.0.0.0.0.0.0.0.0.0.0.0.0.0.0.0.0.0.0.0.0.0.0.0.0.0.0.0.0.0.0.0.0.0.0.0.0.0.0.0.0.0.0.0.0.0.0 joint (1 child) in order
X <---------------------------------------------------- .0.0.0.0.0.0.0.0.0.0.0.0.0.0.0.0.0.0.0.0.0.0.0.0.0.0.0.0.0.0.0.0.0.0.0.0.0.0.0.0.0.0.0.0.0.0.0.0.0 joint (1 child) in order
X <---------------------------------------------------- .0.0.0.0.0.0.0.0.0.0.0.0.0.0.0.0.0.0.0.0.0.0.0.0.0.0.0.0.0.0.0.0.0.0.0.0.0.0.0.0.0.0.0.0.0.0.0.0.0.0 joint (empty) in order
}
